\BOOKMARK [1][-]{section.1}{\376\377\000S\000c\000o\000p\000o\000\040\000d\000e\000l\000\040\000s\000i\000t\000o\000\040\000\050\000F\000e\000l\000i\000x\000\051}{}% 1
\BOOKMARK [1][-]{section.2}{\376\377\000A\000n\000a\000l\000i\000s\000i\000\040\000d\000e\000i\000\040\000r\000e\000q\000u\000i\000s\000i\000t\000i\000\040\000\050\000F\000e\000l\000i\000x\000\051}{}% 2
\BOOKMARK [1][-]{section.3}{\376\377\000P\000r\000o\000g\000e\000t\000t\000a\000z\000i\000o\000n\000e\000\040\000\050\000F\000e\000l\000i\000x\000\051}{}% 3
\BOOKMARK [1][-]{section.4}{\376\377\000W\000e\000b\000\040\000D\000e\000v\000e\000l\000o\000p\000m\000e\000n\000t}{}% 4
\BOOKMARK [2][-]{subsection.4.1}{\376\377\000H\000T\000M\000L\0005}{section.4}% 5
\BOOKMARK [2][-]{subsection.4.2}{\376\377\000C\000S\000S\0003}{section.4}% 6
\BOOKMARK [2][-]{subsection.4.3}{\376\377\000J\000a\000v\000a\000S\000c\000r\000i\000p\000t}{section.4}% 7
\BOOKMARK [2][-]{subsection.4.4}{\376\377\000P\000H\000P}{section.4}% 8
\BOOKMARK [3][-]{subsubsection.4.4.1}{\376\377\000P\000a\000t\000t\000e\000r\000n\000\040\000M\000V\000C}{subsection.4.4}% 9
\BOOKMARK [3][-]{subsubsection.4.4.2}{\376\377\000u\000t\000i\000l\000s\000.\000p\000h\000p}{subsection.4.4}% 10
\BOOKMARK [3][-]{subsubsection.4.4.3}{\376\377\000C\000o\000m\000p\000o\000s\000e\000r\000\040\000\050\000v\000e\000n\000d\000o\000r\000\051}{subsection.4.4}% 11
\BOOKMARK [3][-]{subsubsection.4.4.4}{\376\377\000d\000b\000-\000a\000c\000c\000e\000s\000s\000.\000p\000h\000p}{subsection.4.4}% 12
\BOOKMARK [3][-]{subsubsection.4.4.5}{\376\377\000t\000e\000m\000p\000l\000a\000t\000e\000.\000p\000h\000p\000,\000\040\000h\000e\000a\000d\000e\000r\000.\000p\000h\000p\000\040\000e\000\040\000b\000r\000e\000a\000d\000c\000r\000u\000m\000b\000.\000p\000h\000p}{subsection.4.4}% 13
\BOOKMARK [3][-]{subsubsection.4.4.6}{\376\377\000.\000h\000t\000a\000c\000c\000e\000s\000s}{subsection.4.4}% 14
\BOOKMARK [2][-]{subsection.4.5}{\376\377\000B\000a\000s\000e\000\040\000d\000i\000\040\000d\000a\000t\000i}{section.4}% 15
\BOOKMARK [2][-]{subsection.4.6}{\376\377\000S\000i\000c\000u\000r\000e\000z\000z\000a}{section.4}% 16
\BOOKMARK [1][-]{section.5}{\376\377\000A\000c\000c\000e\000s\000s\000i\000b\000i\000l\000i\000t\000\340\000\040\000e\000\040\000u\000s\000a\000b\000i\000l\000i\000t\000\340}{}% 17
\BOOKMARK [2][-]{subsection.5.1}{\376\377\000E\000l\000e\000m\000e\000n\000t\000i\000\040\000f\000o\000n\000d\000a\000m\000e\000n\000t\000a\000l\000i}{section.5}% 18
\BOOKMARK [2][-]{subsection.5.2}{\376\377\000O\000r\000i\000e\000n\000t\000a\000m\000e\000n\000t\000o\000\040\000e\000\040\000n\000a\000v\000i\000g\000a\000z\000i\000o\000n\000e}{section.5}% 19
\BOOKMARK [2][-]{subsection.5.3}{\376\377\000W\000A\000I\000-\000A\000R\000I\000A}{section.5}% 20
\BOOKMARK [2][-]{subsection.5.4}{\376\377\000C\000o\000l\000o\000r\000i\000\040\000e\000\040\000B\000r\000a\000n\000d\000\040\000I\000d\000e\000n\000t\000i\000t\000y}{section.5}% 21
\BOOKMARK [2][-]{subsection.5.5}{\376\377\000C\000o\000n\000v\000e\000n\000z\000i\000o\000n\000i\000\040\000i\000n\000t\000e\000r\000n\000e\000\040\000d\000e\000l\000\040\000s\000i\000t\000o}{section.5}% 22
\BOOKMARK [1][-]{section.6}{\376\377\000T\000e\000s\000t\000\040\000e\000\040\000v\000a\000l\000i\000d\000a\000z\000i\000o\000n\000e\000\040\000\050\000N\000i\000c\000c\000o\000l\000\362\000\051}{}% 23
\BOOKMARK [1][-]{section.7}{\376\377\000S\000E\000O\000\040\000e\000\040\000p\000r\000e\000s\000t\000a\000z\000i\000o\000n\000i}{}% 24
\BOOKMARK [2][-]{subsection.7.1}{\376\377\000f\000a\000q\000-\000s\000c\000h\000e\000m\000a\000.\000j\000s}{section.7}% 25
\BOOKMARK [2][-]{subsection.7.2}{\376\377\000o\000r\000g\000-\000s\000c\000h\000e\000m\000a\000.\000j\000s}{section.7}% 26
\BOOKMARK [1][-]{section.8}{\376\377\000O\000r\000g\000a\000n\000i\000z\000z\000a\000z\000i\000o\000n\000e\000\040\000\050\000N\000i\000c\000c\000o\000l\000\362\000\051}{}% 27
\BOOKMARK [1][-]{section.9}{\376\377\000D\000i\000f\000f\000i\000c\000o\000l\000t\000\340\000\040\000\050\000N\000i\000c\000c\000o\000l\000\362\000\051}{}% 28
\BOOKMARK [1][-]{section.10}{\376\377\000C\000o\000n\000c\000l\000u\000s\000i\000o\000n\000i\000\040\000\050\000N\000i\000c\000c\000o\000l\000\362\000\051}{}% 29
